
> private_chat@0.1.0 build
> next build

Γû▓ Next.js 16.1.6 (Turbopack)
- Environments: .env.local

  Creating an optimized production build ...
node.exe : Error: Cannot apply unknown utility class 
`bg-background-dark`. Are you using CSS modules or 
similar and missing `@reference`? https://tailwindcss
.com/docs/functions-and-directives#reference-directiv
e
At C:\Program Files\nodejs\npm.ps1:29 char:3
+   & $NODE_EXE $NPM_CLI_JS $args
+   ~~~~~~~~~~~~~~~~~~~~~~~~~~~~~
    + CategoryInfo          : NotSpecified: (Error:  
   Cannot a...rence-directive:String) [], RemoteExc  
  eption
    + FullyQualifiedErrorId : NativeCommandError
 
    [2m[at onInvalidCandidate (D:\Web Dev\Personal P
rojects\Personal_chat\private_chat\node_modules\tailw
indcss\dist\lib.js:21:1314)][0m
    [2m[at Ee (D:\Web Dev\Personal Projects\Personal
_chat\private_chat\node_modules\tailwindcss\dist\lib.
js:16:37066)][0m
    [2m[at D:\Web Dev\Personal Projects\Personal_cha
t\private_chat\node_modules\tailwindcss\dist\lib.js:2
1:355][0m
    [2m[at Pr (D:\Web Dev\Personal Projects\Personal
_chat\private_chat\node_modules\tailwindcss\dist\lib.
js:3:1733)][0m
    [2m[at _ (D:\Web Dev\Personal Projects\Personal_
chat\private_chat\node_modules\tailwindcss\dist\lib.j
s:3:1377)][0m
    [2m[at Te (D:\Web Dev\Personal Projects\Personal
_chat\private_chat\node_modules\tailwindcss\dist\lib.
js:21:172)][0m
    [2m[at pn (D:\Web Dev\Personal Projects\Personal
_chat\private_chat\node_modules\tailwindcss\dist\lib.
js:38:294)][0m
    [2m[at process.processTicksAndRejections 
(node:internal/process/task_queues:105:5)][0m
    [2m[at async dn (D:\Web Dev\Personal Projects\Pe
rsonal_chat\private_chat\node_modules\tailwindcss\dis
t\lib.js:38:631)][0m
    [2m[at async Xr (D:\Web Dev\Personal Projects\Pe
rsonal_chat\private_chat\node_modules\@tailwindcss\no
de\dist\index.js:10:3417)][0m

> Build error occurred
Error: Turbopack build failed with 1 errors:
./app/globals.css
Error evaluating Node.js code
CssSyntaxError: tailwindcss: D:\Web Dev\Personal Proj
ects\Personal_chat\private_chat\app\globals.css:1:1: 
Cannot apply unknown utility class 
`bg-background-dark`. Are you using CSS modules or 
similar and missing `@reference`? https://tailwindcss
.com/docs/functions-and-directives#reference-directiv
e
    at Input.error 
(node_modules/postcss/lib/input.js:135:16) [D:\Web 
Dev\Personal Projects\Personal_chat\private_chat\.nex
t\build\chunks\node_modules_2d7da256._.js:4651:22]
    at Root.error 
(node_modules/postcss/lib/node.js:146:32) [D:\Web 
Dev\Personal Projects\Personal_chat\private_chat\.nex
t\build\chunks\node_modules_2d7da256._.js:928:38]
    [at Object.Once (D:\Web Dev\Personal Projects\Per
sonal_chat\private_chat\node_modules\@tailwindcss\pos
tcss\dist\index.js:10:6913)]
    [at process.processTicksAndRejections 
(node:internal/process/task_queues:105:5)]
    at async LazyResult.runAsync 
(node_modules/postcss/lib/lazy-result.js:293:11) 
[D:\Web Dev\Personal Projects\Personal_chat\private_c
hat\.next\build\chunks\node_modules_2d7da256._.js:620
6:21]
    at async transform (turbopack:///[turbopack-node]
/transforms/postcss.ts:70:34) [D:\Web Dev\Personal Pr
ojects\Personal_chat\private_chat\.next\build\chunks\
[root-of-the-server]__51225daf._.js:146:36]
    at async run (turbopack:///[turbopack-node]/ipc/e
valuate.ts:92:23) [D:\Web Dev\Personal Projects\Perso
nal_chat\private_chat\.next\build\chunks\[root-of-the
-server]__974941ed._.js:443:31]

Import trace:
  Client Component Browser:
    ./app/globals.css [Client Component Browser]
    ./app/layout.tsx [Server Component]


    at async transform (turbopack:///[turbopack-node]
/transforms/postcss.ts:70:34) [D:\Web Dev\Personal Pr
ojects\Personal_chat\private_chat\.next\build\chunks\
[root-of-the-server]__51225daf._.js:146:36])
    at async run (turbopack:///[turbopack-node]/ipc/e
valuate.ts:92:23) [D:\Web Dev\Personal Projects\Perso
nal_chat\private_chat\.next\build\chunks\[root-of-the
-server]__974941ed._.js:443:31])
Assertion failed: !(handle->flags & 
UV_HANDLE_CLOSING), file 
c:\ws\deps\uv\src\win\async.c, line 76
